// Vitest Snapshot v1, https://vitest.dev/guide/snapshot.html

exports[`<ProgressBar /> > Snapshots > should match snapshot 1`] = `
<div>
  <div
    class="sprinkles_width__1txm3g81t ProgressBar_wrapper__1drc6y70"
    style="--width__1txm3g81s: 300px;"
  >
    <div
      class="sprinkles_width__1txm3g81t ProgressBar_whiteBar__1drc6y71"
      style="--width__1txm3g81s: 300px;"
    >
      50%
    </div>
    <div
      class="sprinkles_width__1txm3g81t ProgressBar_container__1drc6y72"
      style="--width__1txm3g81s: 50%;"
    >
      <div
        class="sprinkles_width__1txm3g81t ProgressBar_progress__1drc6y73"
        style="--width__1txm3g81s: 300px;"
      >
        50%
      </div>
    </div>
  </div>
</div>
`;
