// Vitest Snapshot v1, https://vitest.dev/guide/snapshot.html

exports[`<Tabs /> > Snapshot > should match snapshot 1`] = `
<div>
  <ol
    class="Tabs_navbar__fyllcd0"
  >
    <li
      class="Tabs_tab__fyllcd2 Tabs_tab_active_true__fyllcd3"
    >
      example
    </li>
  </ol>
  <div
    class="Tabs_navContainer__fyllcd1"
  >
    <p>
      Example text
    </p>
  </div>
</div>
`;
