// Vitest Snapshot v1, https://vitest.dev/guide/snapshot.html

exports[`<Video /> > Snapshot > should match snapshot 1`] = `
<div>
  <div
    class="Frame_padding__iuzg892r Frame_boxShadow__iuzg895z Frame_backgroundColor__iuzg893p"
    style="--padding__iuzg892q: var(--r95-space-2); --boxShadow__iuzg895y: var(--r95-shadow-out); --backgroundColor__iuzg893o: var(--r95-color-material);"
  >
    <div
      class="TitleBar_titleBarBackground__1kpzw682 TitleBar_titleBarBackground_active_true__1kpzw683"
    >
      <svg test-file-stub
        variant="16x16_4"
      />
      <div
        class="TitleBar_title__1kpzw685"
      >
        some_video.mp4 (Opening)
      </div>
    </div>
    <video
      class="Video_videoTag__13gnpv00 Video_videoTag_visible_false__13gnpv02"
    >
      <source
        src="foo/bar/some_video.mp4"
        type="video/mp4"
      />
    </video>
    <div
      class="Frame_marginBottom__iuzg892d Frame_marginLeft__iuzg892l Frame_marginRight__iuzg892n Frame_maxWidth__iuzg891v"
      style="--marginBottom__iuzg892c: var(--r95-space-4); --marginLeft__iuzg892k: auto; --marginRight__iuzg892m: auto; --maxWidth__iuzg891u: 250px;"
    >
      <div
        class="Video_countDownContainer__13gnpv04"
      >
        <div
          class="Frame_width__iuzg891t Frame_display__iuzg891 Frame_flexDirection__iuzg8915"
          style="--width__iuzg891s: 40%; --display__iuzg890: flex; --flexDirection__iuzg8914: column;"
        >
          <div
            class="Video_videoFont__13gnpv05"
            style="margin-top: auto;"
          />
          <div
            class="Video_videoFont__13gnpv05"
            style="height: 12px;"
          >
            Openning
          </div>
        </div>
        <div
          class="Frame_width__iuzg891t Frame_display__iuzg891 Frame_flexDirection__iuzg8915"
          style="--width__iuzg891s: 40%; --display__iuzg890: flex; --flexDirection__iuzg8914: column;"
        >
          <div
            class="Video_videoFont__13gnpv05 Video_currentTime__13gnpv06"
          />
          <div
            class="Video_videoFont__13gnpv05 Video_elapsedTime__13gnpv07"
          >
            time
          </div>
        </div>
      </div>
      <div
        class="Video_controls__13gnpv03"
      >
        <button
          class="Button_button__1bzq74l0 Video_controlBtn__13gnpv09"
          disabled=""
        >
          <svg test-file-stub
            style="border-right-width: initial; border-right-style: none; border-right-color: none; border-bottom-width: initial; border-bottom-style: none; border-bottom-color: none;"
            variant="32x32_4"
          />
        </button>
        <button
          class="Button_button__1bzq74l0 Video_controlBtn__13gnpv09"
          disabled=""
        >
          <svg
            aria-label="stop"
            height="6"
            width="6"
            xmlns="http://www.w3.org/2000/svg"
          >
            <path
              d="M0 0h306v306H0z"
            />
          </svg>
        </button>
        <button
          class="Button_button__1bzq74l0 Video_controlBtn__13gnpv09"
          disabled=""
        >
          <svg
            aria-label="fullscreen"
            height="6"
            viewBox="0 0 24 24"
            width="6"
            xmlns="http://www.w3.org/2000/svg"
          >
            <path
              d="M24 9h-2v-5h-7v-2h9v7zm-9 13v-2h7v-5h2v7h-9zm-15-7h2v5h7v2h-9v-7zm9-13v2h-7v5h-2v-7h9zm11 4h-16v12h16v-12z"
              style="width: 1000px;"
            />
          </svg>
        </button>
        <input
          class="Range_range__1i4w9z20 Video_range__13gnpv0a"
          max="100"
          min="0"
          step="1"
          style="width: 70%; margin-left: 20px;"
          type="range"
          value="0"
        />
      </div>
    </div>
  </div>
</div>
`;
