// Jest Snapshot v1, https://goo.gl/fbAQLP

exports[`<Window /> Snapshot should match snapshot 1`] = `
.c0 {
  border: 0;
  box-shadow: inset -1px -1px 0 0  #0a0a0a , inset 1px 1px 0 0  #dfdfdf , inset -2px -2px 0 0  #848584 , inset 2px 2px 0 0  #fefefe;
  background: #c6c6c6;
  color: #0a0a0a;
  width: 320px;
  height: auto;
  padding: 3px;
  display: -webkit-box;
  display: -webkit-flex;
  display: -ms-flexbox;
  display: flex;
  -webkit-flex-direction: column;
  -ms-flex-direction: column;
  flex-direction: column;
}

<div>
  <section
    class="c0"
    direction="column"
    height="auto"
    width="320"
  />
</div>
`;
