// Jest Snapshot v1, https://goo.gl/fbAQLP

exports[`<Range /> Snapshot should match snapshot 1`] = `
.c0 {
  -webkit-appearance: none;
  width: 100%;
}

.c0:hover,
.c0:focus,
.c0:active {
  outline: none;
}

.c0::-webkit-slider-runnable-track {
  width: 100%;
  height: 4px;
  background: #000;
  cursor: pointer;
  border-top: 1px solid #ccc;
  border-right: 2px solid #fff;
  border-bottom: 1px solid #eee;
  border-left: 2px solid #fff;
  box-shadow: 0px 1px 0px 0px #fff;
}

.c0::-webkit-slider-thumb {
  width: 12px;
  height: 20px;
  background: #c3c7cb;
  cursor: pointer;
  margin-top: -8px;
  border-top: 1px solid #fff;
  border-right: 1px solid #000;
  border-bottom: 1px solid #000;
  border-left: 1px solid #fff;
  box-shadow: inset 0px -1px 0px #aaa,inset -1px 0px 0px #aaa,inset 0px 1px 0px #dedede,inset 1px 0px 0px #dedede;
  -webkit-appearance: none;
}

.c0:focus::-webkit-slider-runnable-track {
  background: #000;
}

.c0::-moz-range-track {
  width: 100%;
  height: 4px;
  background: #000;
  cursor: pointer;
  border-top: 1px solid #ccc;
  border-right: 2px solid #fff;
  border-bottom: 1px solid #eee;
  border-left: 2px solid #fff;
  box-shadow: 0px 1px 0px 0px #fff;
}

.c0::-moz-range-thumb {
  width: 12px;
  height: 20px;
  background: #c3c7cb;
  cursor: pointer;
  margin-top: -8px;
  border-top: 1px solid #fff;
  border-right: 1px solid #000;
  border-bottom: 1px solid #000;
  border-left: 1px solid #fff;
  box-shadow: inset 0px -1px 0px #aaa,inset -1px 0px 0px #aaa,inset 0px 1px 0px #dedede,inset 1px 0px 0px #dedede;
  -webkit-appearance: none;
}

<div>
  <input
    class="c0"
    type="range"
  />
</div>
`;
