// Jest Snapshot v1, https://goo.gl/fbAQLP

exports[`<Alert /> Snapshots should match snapshot with error type 1`] = `
.c11 {
  background-color: #c3c7cb;
  padding: 7px 20px 5px;
  border: none;
  font-size: 12px;
  box-shadow: inset 1px 1px 0px 1px #ffffff,inset 0 0 0 1px #868a8e,1px 1px 0 0px #000;
}

.c11:disabled {
  color: #868a8e;
}

.c11:focus {
  outline: none;
  box-shadow: inset 1px 1px 0px 1px #ffffff,inset -0.5px -0.5px 0px 1px #868a8e,1px 1px 0 1px #000;
  outline: 1px dotted #000;
  outline-offset: -5px;
}

.c11:active {
  padding: 8px 20px 5px;
  outline: 1px dotted #000;
  outline-offset: -5px;
  box-shadow: inset 0 0 0 1px #868a8e,0 0 0 1px #000;
}

.c0 {
  display: -webkit-box;
  display: -webkit-flex;
  display: -ms-flexbox;
  display: flex;
  -webkit-flex-direction: column;
  -ms-flex-direction: column;
  flex-direction: column;
  position: fixed;
  padding: 2px 2px 8px;
  width: autopx;
  height: 120px;
  top: 50px;
  background-color: #c3c7cb;
  box-shadow: inset 1px 1px 0px 1px #ffffff,inset 0 0 0 1px #868a8e,1px 1px 0 1px #000;
}

.c1 {
  height: 18px;
  margin-bottom: 2px;
  background-color: #00007f;
  color: white;
  padding: 2px 2px 0;
  display: -webkit-box;
  display: -webkit-flex;
  display: -ms-flexbox;
  display: flex;
}

.c2 {
  -webkit-box-flex: 1;
  -webkit-flex-grow: 1;
  -ms-flex-positive: 1;
  flex-grow: 1;
}

.c3 {
  list-style: none;
  padding: 0;
  margin: 0;
  display: -webkit-box;
  display: -webkit-flex;
  display: -ms-flexbox;
  display: flex;
}

.c5 {
  background-color: #c3c7cb;
  padding: 7px 20px 5px;
  border: none;
  font-size: 12px;
  box-shadow: inset 1px 1px 0px 1px #ffffff,inset 0 0 0 1px #868a8e,1px 1px 0 0px #000;
  margin-right: 2px;
  padding: 0;
  width: 17px;
  height: 14px;
  min-width: 0;
  font-size: 10px;
}

.c5:disabled {
  color: #868a8e;
}

.c5:focus {
  outline: none;
  box-shadow: inset 1px 1px 0px 1px #ffffff,inset -0.5px -0.5px 0px 1px #868a8e,1px 1px 0 1px #000;
  outline: 1px dotted #000;
  outline-offset: -5px;
}

.c5:active {
  padding: 8px 20px 5px;
  outline: 1px dotted #000;
  outline-offset: -5px;
  box-shadow: inset 0 0 0 1px #868a8e,0 0 0 1px #000;
}

.c5:last-child {
  margin-right: 0;
}

.c5:active {
  padding: 1px 0 0 1px;
  outline: none;
}

.c5:focus {
  box-shadow: inset 1px 1px 0px 1px #ffffff,inset -1px -1px 0px 1px #868a8e;
}

.c6 {
  -webkit-box-flex: 1;
  -webkit-flex-grow: 1;
  -ms-flex-positive: 1;
  flex-grow: 1;
  display: -webkit-box;
  display: -webkit-flex;
  display: -ms-flexbox;
  display: flex;
  -webkit-flex-direction: column;
  -ms-flex-direction: column;
  flex-direction: column;
  padding: 6px;
}

.c10 {
  display: -webkit-box;
  display: -webkit-flex;
  display: -ms-flexbox;
  display: flex;
  -webkit-flex-direction: row;
  -ms-flex-direction: row;
  flex-direction: row;
  -webkit-box-pack: center;
  -webkit-justify-content: center;
  -ms-flex-pack: center;
  justify-content: center;
  padding: 0 6px 6px 6px;
}

.c10 .c4 {
  margin-right: 6px;
  min-width: 70px;
}

.c10 .c4:last-child {
  margin-right: 0;
}

.c7 {
  display: -webkit-box;
  display: -webkit-flex;
  display: -ms-flexbox;
  display: flex;
  -webkit-flex-direction: row;
  -ms-flex-direction: row;
  flex-direction: row;
}

.c8 {
  background-image: url(test-file-stub);
  background-repeat: no-repeat;
  background-size: 70%;
  height: 45px;
  width: 45px;
  background-position: center;
  margin-right: 10px;
}

.c9 {
  display: -webkit-box;
  display: -webkit-flex;
  display: -ms-flexbox;
  display: flex;
  -webkit-align-items: center;
  -webkit-box-align: center;
  -ms-flex-align: center;
  align-items: center;
  -webkit-box-pack: center;
  -webkit-justify-content: center;
  -ms-flex-pack: center;
  justify-content: center;
}

<div>
  <div
    class="react-draggable c0"
    height="120"
    style="transform: translate(362px,304px);"
    width="auto"
  >
    <div
      class="draggable c1"
    >
      
      <div
        class="c2"
      >
        Error
      </div>
      <ul
        class="c3"
      >
        <button
          class="c4 c5"
        >
          ?
        </button>
        <button
          class="c4 c5"
        >
          x
        </button>
      </ul>
    </div>
    <div
      class="c6"
    >
      <div
        class="c7"
      >
        <div
          class="c8"
          type="error"
        />
        <div
          class="c9"
        >
          Error
        </div>
      </div>
    </div>
    <div
      class="c10"
    >
      <button
        class="c4 c11"
        value="OK"
      >
        OK
      </button>
    </div>
  </div>
</div>
`;

exports[`<Alert /> Snapshots should match snapshot with info type 1`] = `
.c11 {
  background-color: #c3c7cb;
  padding: 7px 20px 5px;
  border: none;
  font-size: 12px;
  box-shadow: inset 1px 1px 0px 1px #ffffff,inset 0 0 0 1px #868a8e,1px 1px 0 0px #000;
}

.c11:disabled {
  color: #868a8e;
}

.c11:focus {
  outline: none;
  box-shadow: inset 1px 1px 0px 1px #ffffff,inset -0.5px -0.5px 0px 1px #868a8e,1px 1px 0 1px #000;
  outline: 1px dotted #000;
  outline-offset: -5px;
}

.c11:active {
  padding: 8px 20px 5px;
  outline: 1px dotted #000;
  outline-offset: -5px;
  box-shadow: inset 0 0 0 1px #868a8e,0 0 0 1px #000;
}

.c0 {
  display: -webkit-box;
  display: -webkit-flex;
  display: -ms-flexbox;
  display: flex;
  -webkit-flex-direction: column;
  -ms-flex-direction: column;
  flex-direction: column;
  position: fixed;
  padding: 2px 2px 8px;
  width: autopx;
  height: 120px;
  top: 50px;
  background-color: #c3c7cb;
  box-shadow: inset 1px 1px 0px 1px #ffffff,inset 0 0 0 1px #868a8e,1px 1px 0 1px #000;
}

.c1 {
  height: 18px;
  margin-bottom: 2px;
  background-color: #00007f;
  color: white;
  padding: 2px 2px 0;
  display: -webkit-box;
  display: -webkit-flex;
  display: -ms-flexbox;
  display: flex;
}

.c2 {
  -webkit-box-flex: 1;
  -webkit-flex-grow: 1;
  -ms-flex-positive: 1;
  flex-grow: 1;
}

.c3 {
  list-style: none;
  padding: 0;
  margin: 0;
  display: -webkit-box;
  display: -webkit-flex;
  display: -ms-flexbox;
  display: flex;
}

.c5 {
  background-color: #c3c7cb;
  padding: 7px 20px 5px;
  border: none;
  font-size: 12px;
  box-shadow: inset 1px 1px 0px 1px #ffffff,inset 0 0 0 1px #868a8e,1px 1px 0 0px #000;
  margin-right: 2px;
  padding: 0;
  width: 17px;
  height: 14px;
  min-width: 0;
  font-size: 10px;
}

.c5:disabled {
  color: #868a8e;
}

.c5:focus {
  outline: none;
  box-shadow: inset 1px 1px 0px 1px #ffffff,inset -0.5px -0.5px 0px 1px #868a8e,1px 1px 0 1px #000;
  outline: 1px dotted #000;
  outline-offset: -5px;
}

.c5:active {
  padding: 8px 20px 5px;
  outline: 1px dotted #000;
  outline-offset: -5px;
  box-shadow: inset 0 0 0 1px #868a8e,0 0 0 1px #000;
}

.c5:last-child {
  margin-right: 0;
}

.c5:active {
  padding: 1px 0 0 1px;
  outline: none;
}

.c5:focus {
  box-shadow: inset 1px 1px 0px 1px #ffffff,inset -1px -1px 0px 1px #868a8e;
}

.c6 {
  -webkit-box-flex: 1;
  -webkit-flex-grow: 1;
  -ms-flex-positive: 1;
  flex-grow: 1;
  display: -webkit-box;
  display: -webkit-flex;
  display: -ms-flexbox;
  display: flex;
  -webkit-flex-direction: column;
  -ms-flex-direction: column;
  flex-direction: column;
  padding: 6px;
}

.c10 {
  display: -webkit-box;
  display: -webkit-flex;
  display: -ms-flexbox;
  display: flex;
  -webkit-flex-direction: row;
  -ms-flex-direction: row;
  flex-direction: row;
  -webkit-box-pack: center;
  -webkit-justify-content: center;
  -ms-flex-pack: center;
  justify-content: center;
  padding: 0 6px 6px 6px;
}

.c10 .c4 {
  margin-right: 6px;
  min-width: 70px;
}

.c10 .c4:last-child {
  margin-right: 0;
}

.c7 {
  display: -webkit-box;
  display: -webkit-flex;
  display: -ms-flexbox;
  display: flex;
  -webkit-flex-direction: row;
  -ms-flex-direction: row;
  flex-direction: row;
}

.c8 {
  background-image: url(test-file-stub);
  background-repeat: no-repeat;
  background-size: 70%;
  height: 45px;
  width: 45px;
  background-position: center;
  margin-right: 10px;
}

.c9 {
  display: -webkit-box;
  display: -webkit-flex;
  display: -ms-flexbox;
  display: flex;
  -webkit-align-items: center;
  -webkit-box-align: center;
  -ms-flex-align: center;
  align-items: center;
  -webkit-box-pack: center;
  -webkit-justify-content: center;
  -ms-flex-pack: center;
  justify-content: center;
}

<div>
  <div
    class="react-draggable c0"
    height="120"
    style="transform: translate(362px,304px);"
    width="auto"
  >
    <div
      class="draggable c1"
    >
      
      <div
        class="c2"
      >
        Info
      </div>
      <ul
        class="c3"
      >
        <button
          class="c4 c5"
        >
          ?
        </button>
        <button
          class="c4 c5"
        >
          x
        </button>
      </ul>
    </div>
    <div
      class="c6"
    >
      <div
        class="c7"
      >
        <div
          class="c8"
          type="info"
        />
        <div
          class="c9"
        >
          Info
        </div>
      </div>
    </div>
    <div
      class="c10"
    >
      <button
        class="c4 c11"
        value="OK"
      >
        OK
      </button>
    </div>
  </div>
</div>
`;

exports[`<Alert /> Snapshots should match snapshot with warning type 1`] = `
.c11 {
  background-color: #c3c7cb;
  padding: 7px 20px 5px;
  border: none;
  font-size: 12px;
  box-shadow: inset 1px 1px 0px 1px #ffffff,inset 0 0 0 1px #868a8e,1px 1px 0 0px #000;
}

.c11:disabled {
  color: #868a8e;
}

.c11:focus {
  outline: none;
  box-shadow: inset 1px 1px 0px 1px #ffffff,inset -0.5px -0.5px 0px 1px #868a8e,1px 1px 0 1px #000;
  outline: 1px dotted #000;
  outline-offset: -5px;
}

.c11:active {
  padding: 8px 20px 5px;
  outline: 1px dotted #000;
  outline-offset: -5px;
  box-shadow: inset 0 0 0 1px #868a8e,0 0 0 1px #000;
}

.c0 {
  display: -webkit-box;
  display: -webkit-flex;
  display: -ms-flexbox;
  display: flex;
  -webkit-flex-direction: column;
  -ms-flex-direction: column;
  flex-direction: column;
  position: fixed;
  padding: 2px 2px 8px;
  width: autopx;
  height: 120px;
  top: 50px;
  background-color: #c3c7cb;
  box-shadow: inset 1px 1px 0px 1px #ffffff,inset 0 0 0 1px #868a8e,1px 1px 0 1px #000;
}

.c1 {
  height: 18px;
  margin-bottom: 2px;
  background-color: #00007f;
  color: white;
  padding: 2px 2px 0;
  display: -webkit-box;
  display: -webkit-flex;
  display: -ms-flexbox;
  display: flex;
}

.c2 {
  -webkit-box-flex: 1;
  -webkit-flex-grow: 1;
  -ms-flex-positive: 1;
  flex-grow: 1;
}

.c3 {
  list-style: none;
  padding: 0;
  margin: 0;
  display: -webkit-box;
  display: -webkit-flex;
  display: -ms-flexbox;
  display: flex;
}

.c5 {
  background-color: #c3c7cb;
  padding: 7px 20px 5px;
  border: none;
  font-size: 12px;
  box-shadow: inset 1px 1px 0px 1px #ffffff,inset 0 0 0 1px #868a8e,1px 1px 0 0px #000;
  margin-right: 2px;
  padding: 0;
  width: 17px;
  height: 14px;
  min-width: 0;
  font-size: 10px;
}

.c5:disabled {
  color: #868a8e;
}

.c5:focus {
  outline: none;
  box-shadow: inset 1px 1px 0px 1px #ffffff,inset -0.5px -0.5px 0px 1px #868a8e,1px 1px 0 1px #000;
  outline: 1px dotted #000;
  outline-offset: -5px;
}

.c5:active {
  padding: 8px 20px 5px;
  outline: 1px dotted #000;
  outline-offset: -5px;
  box-shadow: inset 0 0 0 1px #868a8e,0 0 0 1px #000;
}

.c5:last-child {
  margin-right: 0;
}

.c5:active {
  padding: 1px 0 0 1px;
  outline: none;
}

.c5:focus {
  box-shadow: inset 1px 1px 0px 1px #ffffff,inset -1px -1px 0px 1px #868a8e;
}

.c6 {
  -webkit-box-flex: 1;
  -webkit-flex-grow: 1;
  -ms-flex-positive: 1;
  flex-grow: 1;
  display: -webkit-box;
  display: -webkit-flex;
  display: -ms-flexbox;
  display: flex;
  -webkit-flex-direction: column;
  -ms-flex-direction: column;
  flex-direction: column;
  padding: 6px;
}

.c10 {
  display: -webkit-box;
  display: -webkit-flex;
  display: -ms-flexbox;
  display: flex;
  -webkit-flex-direction: row;
  -ms-flex-direction: row;
  flex-direction: row;
  -webkit-box-pack: center;
  -webkit-justify-content: center;
  -ms-flex-pack: center;
  justify-content: center;
  padding: 0 6px 6px 6px;
}

.c10 .c4 {
  margin-right: 6px;
  min-width: 70px;
}

.c10 .c4:last-child {
  margin-right: 0;
}

.c7 {
  display: -webkit-box;
  display: -webkit-flex;
  display: -ms-flexbox;
  display: flex;
  -webkit-flex-direction: row;
  -ms-flex-direction: row;
  flex-direction: row;
}

.c8 {
  background-image: url(test-file-stub);
  background-repeat: no-repeat;
  background-size: 70%;
  height: 45px;
  width: 45px;
  background-position: center;
  margin-right: 10px;
}

.c9 {
  display: -webkit-box;
  display: -webkit-flex;
  display: -ms-flexbox;
  display: flex;
  -webkit-align-items: center;
  -webkit-box-align: center;
  -ms-flex-align: center;
  align-items: center;
  -webkit-box-pack: center;
  -webkit-justify-content: center;
  -ms-flex-pack: center;
  justify-content: center;
}

<div>
  <div
    class="react-draggable c0"
    height="120"
    style="transform: translate(362px,304px);"
    width="auto"
  >
    <div
      class="draggable c1"
    >
      
      <div
        class="c2"
      >
        Warning
      </div>
      <ul
        class="c3"
      >
        <button
          class="c4 c5"
        >
          ?
        </button>
        <button
          class="c4 c5"
        >
          x
        </button>
      </ul>
    </div>
    <div
      class="c6"
    >
      <div
        class="c7"
      >
        <div
          class="c8"
          type="warning"
        />
        <div
          class="c9"
        >
          Warning
        </div>
      </div>
    </div>
    <div
      class="c10"
    >
      <button
        class="c4 c11"
        value="OK"
      >
        OK
      </button>
    </div>
  </div>
</div>
`;
