// Vitest Snapshot v1, https://vitest.dev/guide/snapshot.html

exports[`<TextArea /> > Snapshot > should match snapshot 1`] = `
<div>
  <textarea
    class="Input_input__taf7or0 Cursor_Cursor_Text__22fi81"
  />
</div>
`;
