// Vitest Snapshot v1, https://vitest.dev/guide/snapshot.html

exports[`<List /> > Snapshots > should match snapshot 1`] = `
<div>
  <ul
    class="List_list__1lxkvz42"
  >
    <li
      class="List_listItem__1lxkvz40"
    >
      <svg test-file-stub />
      <ul
        class="List_list__1lxkvz42"
      >
        <li
          class="List_listItem__1lxkvz40"
        >
          <svg test-file-stub />
          Microsoft Exchange
        </li>
        <li
          class="List_divider__1lxkvz41"
        />
        <li
          class="List_listItem__1lxkvz40"
        >
          <svg test-file-stub />
          Windows Explorer
        </li>
      </ul>
      Programs
    </li>
  </ul>
</div>
`;
