// Vitest Snapshot v1, https://vitest.dev/guide/snapshot.html

exports[`<Input /> > Snapshots > should match snapshot 1`] = `
<div>
  <input
    class="Input_input__taf7or0 Cursor_Cursor_Text__wge1m81"
  />
</div>
`;
