// Jest Snapshot v1, https://goo.gl/fbAQLP

exports[`<ProgressBar /> Snapshots should match snapshot 1`] = `
.c0 {
  width: 300px;
  height: 20px;
  position: relative;
  text-align: center;
}

.c1 {
  width: 300px;
  height: 20px;
  line-height: 20px;
  border-left: 1px solid #868a8e;
  border-top: 1px solid #868a8e;
  background: #fff;
  color: #000;
  box-shadow: inset -1px -1px 0 0 #c3c7cb,inset 1px 1px 0 0 #000000,0.5px 0.5px 0 0.5px #ffffff;
}

.c2 {
  width: 50%;
  position: absolute;
  top: 0;
  left: 0;
  overflow: hidden;
}

.c3 {
  width: 300px;
  height: 17px;
  line-height: 18px;
  margin-left: 2px;
  margin-top: 2px;
  background: #000e7a;
  color: #fff;
}

<div>
  <div
    class="c0"
    width="300"
  >
    <div
      class="c1"
      width="300"
    >
      50
      %
    </div>
    <div
      class="c2"
    >
      <div
        class="c3"
        width="300"
      >
        50
        %
      </div>
    </div>
  </div>
</div>
`;
