// Jest Snapshot v1, https://goo.gl/fbAQLP

exports[`<Fieldset /> Snapshots should match snapshot with legend prop and children element 1`] = `
.c0 {
  border-top-style: groove;
  border-top-width: 2px;
  border-top-color: #e6e6e6;
  border-left-style: groove;
  border-left-width: 2px;
  border-left-color: #e6e6e6;
  border-bottom-style: solid;
  border-bottom-width: 1px;
  border-bottom-color: #848284;
  border-right-style: solid;
  border-right-width: 1px;
  border-right-color: #848284;
  box-shadow: 1px 1px 0 0 #e6e6e6;
}

.c1 {
  padding-left: 4px;
  padding-right: 1px;
}

<div>
  <fieldset
    class="c0"
  >
    <legend
      class="c1"
    >
      example
    </legend>
    <p>
      something
    </p>
  </fieldset>
</div>
`;
