// Vitest Snapshot v1, https://vitest.dev/guide/snapshot.html

exports[`<Range /> > Snapshot > should match snapshot 1`] = `
<div>
  <input
    class="Range_range__1i4w9z20"
    type="range"
  />
</div>
`;
