// Vitest Snapshot v1, https://vitest.dev/guide/snapshot.html

exports[`<Tree /> > Snapshot > should match snapshot 1`] = `
<div>
  <ul
    class="Tree_tree__z2881c0"
  >
    <li
      class="Tree_node__z2881c1"
    >
      <div
        class="Tree_nodeContent__z2881c3"
      >
        <div
          class="Tree_iconContainer__z2881c6 Tree_iconContainer_hasChildren_false__z2881c8"
        >
          <svg test-file-stub
            data-testid="react95-default-icon-bat"
            variant="16x16_4"
          />
        </div>
        <label
          class="Tree_label__z2881c4"
          tabindex="0"
        >
          foo
        </label>
      </div>
    </li>
  </ul>
</div>
`;
