// Vitest Snapshot v1, https://vitest.dev/guide/snapshot.html

exports[`<Button /> > Snapshots > should match snapshot 1`] = `
<div>
  <button
    class="Button_button__1bzq74l0"
  />
</div>
`;
