// Jest Snapshot v1, https://goo.gl/fbAQLP

exports[`<Panel /> Snapshots should match snapshot 1`] = `
.c1 {
  display: -webkit-box;
  display: -webkit-flex;
  display: -ms-flexbox;
  display: flex;
  -webkit-box-flex: 1;
  -webkit-flex-grow: 1;
  -ms-flex-positive: 1;
  flex-grow: 1;
  -webkit-flex-direction: column;
  -ms-flex-direction: column;
  flex-direction: column;
  padding: 0;
  overflow-x: visible;
  overflow-y: auto;
  background-color: #c6c6c6;
  color: #0a0a0a;
  position: relative;
  border-width: 1px;
  border-style: solid;
  border-top-color: #848584;
  border-right-color: #fefefe;
  border-bottom-color: #fefefe;
  border-left-color: #848584;
  box-shadow: inset -1px -1px 0 0px  #dfdfdf , inset 1px 1px 0 0px  #0a0a0a;
}

.c1[direction="row"] > .c0 + .c0 {
  border-left: 0;
}

.c1[direction='column'] > .c0 + .c0 {
  border-top: 0;
}

.c2 {
  box-sizing: border-box;
  width: 100%;
  height: 100%;
  padding: 4px;
  overflow: auto;
  display: -webkit-box;
  display: -webkit-flex;
  display: -ms-flexbox;
  display: flex;
  padding: 12px;
  -webkit-flex-direction: column;
  -ms-flex-direction: column;
  flex-direction: column;
}

<div>
  <section
    class="c0 c1"
    direction="column"
  >
    <div
      class="c2"
      direction="column"
    >
      Dorem ipsum
    </div>
  </section>
</div>
`;
