// Jest Snapshot v1, https://goo.gl/fbAQLP

exports[`<TextArea /> Snapshot should match snapshot 1`] = `
.c0 {
  border: none;
  border-left: 1px solid #868a8e;
  border-top: 1px solid #868a8e;
  font-size: 14px;
  line-height: 18px;
  outline: none;
  resize: none;
  box-shadow: inset -1px -1px 0 0 #c3c7cb,inset 1px 1px 0 0 #000000,0.5px 0.5px 0 0.5px #ffffff;
}

<div>
  <textarea
    class="c0"
    cols="50"
    rows="10"
  />
</div>
`;
