// Jest Snapshot v1, https://goo.gl/fbAQLP

exports[`<Icon /> Snapshots should match snapshot 1`] = `
.c0 {
  display: block;
  width: 32px;
  height: 32px;
  background-image: url('test-file-stub');
  background-repeat: no-repeat;
  background-position: center;
  background-size: contain;
}

<div>
  <i
    class="c0"
    height="32"
    name="bat"
    width="32"
  />
</div>
`;
