// Vitest Snapshot v1, https://vitest.dev/guide/snapshot.html

exports[`<Fieldset /> > Snapshots > should match snapshot with legend prop and children element 1`] = `
<div>
  <fieldset
    class="Fieldset_field__bt4hec0"
  >
    <legend
      class="Fieldset_legend__bt4hec1"
    >
      example
    </legend>
    <p>
      something
    </p>
  </fieldset>
</div>
`;
