// Vitest Snapshot v1, https://vitest.dev/guide/snapshot.html

exports[`<Modal /> > Snapshots > should match snapshot 1`] = `
<div>
  <div
    class="Modal_modalWrapper__1txblt60 Modal_modalWrapper_active_true__1txblt61 Modal_modalWrapper_minimized_false__1txblt63 neodrag"
    style="transform: translate3d(0px, 0px, 0); touch-action: none;"
  >
    <div
      class="TitleBar_titleBarBackground__1kpzw682 TitleBar_titleBarBackground_active_true__1kpzw683 draggable"
    >
      <svg test-file-stub />
      <div
        class="TitleBar_title__1kpzw685"
      >
        file.bat
      </div>
    </div>
    <ul
      class="Modal_menuWrapper__1txblt66"
    >
      <li
        class="Modal_menuItem__1txblt67"
      >
        File
      </li>
      <li
        class="Modal_menuItem__1txblt67"
      >
        Edit
      </li>
    </ul>
    <div
      class="Modal_content__1txblt65"
    >
      Hello
    </div>
    <div
      class="Frame_justifyContent__iuzg891f Modal_buttonWrapper__1txblt64"
      style="--justifyContent__iuzg891e: flex-end;"
    >
      <button
        class="Button_button__1bzq74l0"
        value="Ok"
      >
        Ok
      </button>
      <button
        class="Button_button__1bzq74l0"
        value="Cancel"
      >
        Cancel
      </button>
    </div>
  </div>
</div>
`;

exports[`<Modal /> > Snapshots > should match snapshot with buttonsAligment prop equals center 1`] = `
<div>
  <div
    class="Modal_modalWrapper__1txblt60 Modal_modalWrapper_active_true__1txblt61 Modal_modalWrapper_minimized_false__1txblt63 neodrag"
    style="transform: translate3d(0px, 0px, 0); touch-action: none;"
  >
    <div
      class="TitleBar_titleBarBackground__1kpzw682 TitleBar_titleBarBackground_active_true__1kpzw683 draggable"
    >
      <svg test-file-stub />
      <div
        class="TitleBar_title__1kpzw685"
      >
        file.bat
      </div>
    </div>
    <div
      class="Modal_content__1txblt65"
    >
      Hello
    </div>
    <div
      class="Frame_justifyContent__iuzg891f Modal_buttonWrapper__1txblt64"
      style="--justifyContent__iuzg891e: center;"
    >
      <button
        class="Button_button__1bzq74l0"
        value="Ok"
      >
        Ok
      </button>
      <button
        class="Button_button__1bzq74l0"
        value="Cancel"
      >
        Cancel
      </button>
    </div>
  </div>
</div>
`;

exports[`<Modal /> > Snapshots > should match snapshot with buttonsAligment prop equals flex-start 1`] = `
<div>
  <div
    class="Modal_modalWrapper__1txblt60 Modal_modalWrapper_active_true__1txblt61 Modal_modalWrapper_minimized_false__1txblt63 neodrag"
    style="transform: translate3d(0px, 0px, 0); touch-action: none;"
  >
    <div
      class="TitleBar_titleBarBackground__1kpzw682 TitleBar_titleBarBackground_active_true__1kpzw683 draggable"
    >
      <svg test-file-stub />
      <div
        class="TitleBar_title__1kpzw685"
      >
        file.bat
      </div>
    </div>
    <div
      class="Modal_content__1txblt65"
    >
      Hello
    </div>
    <div
      class="Frame_justifyContent__iuzg891f Modal_buttonWrapper__1txblt64"
      style="--justifyContent__iuzg891e: flex-start;"
    >
      <button
        class="Button_button__1bzq74l0"
        value="Ok"
      >
        Ok
      </button>
      <button
        class="Button_button__1bzq74l0"
        value="Cancel"
      >
        Cancel
      </button>
    </div>
  </div>
</div>
`;

exports[`<Modal /> > Snapshots > should match snapshot with titleBarOptions 1`] = `
<div>
  <div
    class="Modal_modalWrapper__1txblt60 Modal_modalWrapper_active_true__1txblt61 Modal_modalWrapper_minimized_false__1txblt63 neodrag"
    style="transform: translate3d(0px, 0px, 0); touch-action: none;"
  >
    <div
      class="TitleBar_titleBarBackground__1kpzw682 TitleBar_titleBarBackground_active_true__1kpzw683 draggable"
    >
      <svg test-file-stub />
      <div
        class="TitleBar_title__1kpzw685"
      >
        file.bat
      </div>
      <div
        class="TitleBar_optionsBox__1kpzw680"
      >
        <button
          class="Button_button__1bzq74l0 TitleBar_option__1kpzw681"
        >
          <img
            alt="help"
            src="test-file-stub"
          />
        </button>
        <button
          class="Button_button__1bzq74l0 TitleBar_option__1kpzw681"
        >
          <img
            alt="maximize"
            src="test-file-stub"
          />
        </button>
        <button
          class="Button_button__1bzq74l0 TitleBar_option__1kpzw681"
        >
          <img
            alt="minimize"
            src="test-file-stub"
          />
        </button>
        <button
          class="Button_button__1bzq74l0 TitleBar_option__1kpzw681"
        >
          <img
            alt="restore"
            src="test-file-stub"
          />
        </button>
        <button
          class="Button_button__1bzq74l0 TitleBar_option__1kpzw681"
        >
          <img
            alt="close"
            src="test-file-stub"
          />
        </button>
      </div>
    </div>
    <div
      class="Modal_content__1txblt65"
    >
      Hello
    </div>
  </div>
</div>
`;
